// Jest Snapshot v1, https://goo.gl/fbAQLP

exports[`EventPageComponent event-page snapshot 1`] = `
<app-event-page
  __ngContext__={[Function LRootView]}
>
  <div
    class="event-page__header"
  >
    <img
      alt="Event Manager"
      class="logo"
      src="../../../../assets/logo.svg"
    />
  </div><div
    class="event-page__container"
  >
    <app-event-add />
    <mat-divider />
    <app-event-list />
  </div>
</app-event-page>
`;
